{
  "_views" : {
    "_InitialView" : {
      "FSArray" : [6 ], 
      "RefTypes" : [
        {"sofa" : 2,  "aArrayFS" : 6 } ] } }, 
  "_referenced_fss" : {
    "2" : {"_type" : "Sofa",  "sofaNum" : 1,  "sofaID" : "_InitialView" }, 
    "6" : {"_type" : "FSArray",  "_collection" : [
        {"_type" : "RefTypes",  "sofa" : 2 }, 
        {"_type" : "RefTypes",  "sofa" : 2 }, 
        {"_type" : "RefTypes",  "sofa" : 2 } ] } } }