{"_views":{"_InitialView":{"TOP":[{}],"Token":[{"sofa":2}]}},"_referenced_fss":{"2":{"_type":"Sofa","sofaNum":1,"sofaID":"_InitialView"}}}