{"@context" : {
    "AllTypes" : {
      "@id" : "org.apache.uima.test.AllTypes", 
      "@featureRefs" : ["sofa",  "aFS",  "aArrayMrBoolean",  "aArrayMrByte",  "aArrayMrShort",  "aArrayMrString",  "aListMrInteger",  "aListMrString",  "aListFs",  "aListMrFs" ], 
      "@featureByteArrays" : ["aArrayByte" ], 
      "@superTypes" : ["uima.tcas.Annotation",  "uima.cas.AnnotationBase",  "uima.cas.TOP" ] }, 
    "BooleanArray" : {
      "@id" : "uima.cas.BooleanArray", 
      "@superTypes" : ["uima.cas.FSArray",  "uima.cas.ArrayBase",  "uima.cas.TOP" ] }, 
    "ByteArray" : {
      "@id" : "uima.cas.ByteArray", 
      "@superTypes" : ["uima.cas.FSArray" ] }, 
    "ShortArray" : {
      "@id" : "uima.cas.ShortArray", 
      "@superTypes" : ["uima.cas.FSArray" ] }, 
    "Sofa" : {
      "@id" : "uima.cas.Sofa", 
      "@featureRefs" : ["sofaArray" ], 
      "@superTypes" : ["uima.cas.TOP" ] }, 
    "StringArray" : {
      "@id" : "uima.cas.StringArray", 
      "@superTypes" : ["uima.cas.FSArray" ] } }, 
  "@cas_feature_structures" : {
    "28" : {"@id" : 28,  "sofaNum" : 1,  "sofaID" : "_InitialView" }, 
    "1" : {"@id" : 1,  "sofa" : 28,  "begin" : 0,  "end" : 0,  "aBoolean" : true,  "aByte" : -117,  "aShort" : -112,  "aInteger" : 0,  "aLong" : 1234,  "aFloat" : 1.3,  "aDouble" : 2.6,  "aString" : "some \"String\"",  "aFS" : 35,  "aArrayBoolean" : [false ],  "aArrayMrBoolean" : 74,  "aArrayMrByte" : 77,  "aArrayByte" : "AAA=",  "aArrayShort" : [ ],  "aArrayMrShort" : 80,  "aArrayString" : [null ],  "aArrayMrString" : 83,  "aListInteger" : [ ],  "aListString" : ["testStr" ],  "aListFs" : [0 ] }, 
    "35" : {"@id" : 35,  "sofa" : 28,  "begin" : 0,  "end" : 0,  "aBoolean" : false,  "aByte" : 0,  "aShort" : 0,  "aInteger" : 0,  "aLong" : 0,  "aFloat" : 0.0,  "aDouble" : 0.0 }, 
    "74" : {"@id" : 74,  "@collection" : [false ] }, 
    "77" : {"@id" : 77,  "@collection" : "AAA=" }, 
    "80" : {"@id" : 80,  "@collection" : [ ] }, 
    "83" : {"@id" : 83,  "@collection" : [null ] } }, 
  "@cas_views" : {
    "28" : [1 ] } }