{"@context" : {
    "AllTypes" : {
      "@id" : "org.apache.uima.test.AllTypes", 
      "@featureRefs" : ["sofa",  "aFS",  "aArrayMrBoolean",  "aArrayMrByte",  "aArrayMrShort",  "aArrayMrString",  "aListMrInteger",  "aListMrString",  "aListFs",  "aListMrFs" ], 
      "@superTypes" : ["uima.tcas.Annotation",  "uima.cas.AnnotationBase",  "uima.cas.TOP" ] }, 
    "BooleanArray" : {
      "@id" : "uima.cas.BooleanArray", 
      "@superTypes" : ["uima.cas.FSArray",  "uima.cas.ArrayBase",  "uima.cas.TOP" ] }, 
    "ByteArray" : {
      "@id" : "uima.cas.ByteArray", 
      "@superTypes" : ["uima.cas.FSArray" ] }, 
    "ShortArray" : {
      "@id" : "uima.cas.ShortArray", 
      "@superTypes" : ["uima.cas.FSArray" ] }, 
    "Sofa" : {
      "@id" : "uima.cas.Sofa", 
      "@featureRefs" : ["sofaArray" ], 
      "@superTypes" : ["uima.cas.TOP" ] }, 
    "StringArray" : {
      "@id" : "uima.cas.StringArray", 
      "@superTypes" : ["uima.cas.FSArray" ] } }, 
  "@cas_feature_structures" : {
    "28" : {"@type" : "Sofa",  "sofaNum" : 1,  "sofaID" : "_InitialView" }, 
    "94" : {"@type" : "Sofa",  "sofaNum" : 2,  "sofaID" : "View2" }, 
    "1" : {"@type" : "AllTypes",  "sofa" : 28,  "aBoolean" : false,  "aInteger" : 1,  "aLong" : 4321,  "aFloat" : "NaN",  "aDouble" : "-Infinity",  "aString" : "some \"String\"",  "aFS" : 35,  "aArrayBoolean" : [ ],  "aArrayMrBoolean" : 73,  "aArrayMrByte" : 76,  "aArrayByte" : [ ],  "aArrayShort" : [0,  0 ],  "aArrayMrShort" : 79,  "aArrayString" : [ ],  "aArrayMrString" : 82,  "aListInteger" : [ ],  "aListString" : ["testStr" ],  "aListFs" : [0 ] }, 
    "101" : {"@type" : "AllTypes",  "sofa" : 94,  "aBoolean" : true,  "aByte" : -117,  "aShort" : -112,  "aLong" : 1234,  "aFloat" : 1.3,  "aDouble" : 2.6,  "aString" : "some \"String\"",  "aFS" : 128,  "aArrayBoolean" : [false ],  "aArrayMrBoolean" : 167,  "aArrayMrByte" : 170,  "aArrayByte" : [0,  0 ],  "aArrayShort" : [ ],  "aArrayMrShort" : 173,  "aArrayString" : [null ],  "aArrayMrString" : 176,  "aListInteger" : [ ],  "aListString" : ["testStr" ],  "aListFs" : [0 ] }, 
    "176" : {"@type" : "StringArray",  "@collection" : [null ] }, 
    "173" : {"@type" : "ShortArray",  "@collection" : [ ] }, 
    "170" : {"@type" : "ByteArray",  "@collection" : [0,  0 ] }, 
    "167" : {"@type" : "BooleanArray",  "@collection" : [false ] }, 
    "128" : {"@type" : "AllTypes",  "sofa" : 94,  "aBoolean" : false }, 
    "82" : {"@type" : "StringArray",  "@collection" : [null ] }, 
    "79" : {"@type" : "ShortArray",  "@collection" : [ ] }, 
    "76" : {"@type" : "ByteArray",  "@collection" : [0,  0 ] }, 
    "73" : {"@type" : "BooleanArray",  "@collection" : [false ] }, 
    "35" : {"@type" : "AllTypes",  "sofa" : 28,  "aBoolean" : false } }, 
  "@cas_views" : {
    "28" : [1 ], 
    "94" : [101 ] } }