{"@context":{"cas:Sofa":{"@id":"uima.cas.Sofa","_featureRefs":["sofaArray"],"_superTypes":["uima.cas.TOP"]},"test:Token":{"@id":"org.apache.uima.test.Token","_featureRefs":["sofa"],"_superTypes":["uima.tcas.Annotation","uima.cas.AnnotationBase","uima.cas.TOP"]},"test22:Token":{"@id":"org.apache.uima.test2.Token","_featureRefs":["sofa"],"_superTypes":["uima.tcas.Annotation"]},"test2:Token":{"@id":"org.apache.uimax.test.Token","_featureRefs":["sofa"],"_superTypes":["uima.tcas.Annotation"]}},"_cas_feature_structures":{"5":{"cas:Sofa":{"sofaNum":1,"sofaID":"_InitialView"}},"1":{"test:Token":{"sofa":5,"begin":0,"end":0}},"12":{"test2:Token":{"sofa":5,"begin":0,"end":0}},"16":{"test22:Token":{"sofa":5,"begin":0,"end":0}}},"_cas_views":{"5":[1,12,16]}}