{"_cas_feature_structures":{"1":{"TOP":{}}},"_cas_views":{"0":[1]}}