{"@context":{"Annotation":{"@id":"uima.tcas.Annotation","_featureRefs":["sofa"],"_superTypes":["uima.cas.AnnotationBase","uima.cas.TOP"]},"Sofa":{"@id":"uima.cas.Sofa","_featureRefs":["sofaArray"],"_superTypes":["uima.cas.TOP"]}},"_cas_feature_structures":{"5":{"Sofa":{"sofaNum":1,"sofaID":"_InitialView"}},"1":{"Annotation":{"sofa":5}}},"_cas_views":{"5":[1]}}