{"@cas_feature_structures":[{"@id":1,"@type":"TOP"}],"@cas_views":{"0":[1]}}