{"@context":{"@types":{"Annotation":{"@id":"uima.tcas.Annotation","@feature_types":{"sofa":"@ref"}},"Sofa":{"@id":"uima.cas.Sofa","@feature_types":{"sofaArray":"@ref"}},"AnnotationBase":{"@id":"uima.cas.AnnotationBase","@feature_types":{"sofa":"@ref"}},"TOP":{"@id":"uima.cas.TOP"}}},"@views":{"5":{"Annotation":[{"sofa":5}]}},"@referenced_fss":{"5":{"@type":"Sofa","sofaNum":1,"sofaID":"_InitialView"}}}