{"@context":{"Annotation":{"@id":"uima.tcas.Annotation","@featureRefs":["sofa"],"@superTypes":["uima.cas.AnnotationBase","uima.cas.TOP"]},"Sofa":{"@id":"uima.cas.Sofa","@featureRefs":["sofaArray"],"@superTypes":["uima.cas.TOP"]}},"@cas_feature_structures":[{"@id":1,"@type":"Sofa","sofaNum":2,"sofaID":"basicView"},{"@id":8,"@type":"Annotation","sofa":1}],"@cas_views":{"0":[],"1":[8]}}