<?xml version="1.0" encoding="UTF-8"?><xmi:XMI xmlns:tcas="http:///uima/tcas.ecore" xmlns:xmi="http://www.omg.org/XMI" xmlns:cas="http:///uima/cas.ecore" xmlns:test="http:///org/apache/uima/test.ecore" xmi:version="2.0">
    <cas:NULL xmi:id="0"/>
    <test:RefTypes xmi:id="1" sofa="2" begin="0" end="0" aListFs="3 4 5"/>
    <cas:NonEmptyFSList xmi:id="7" tail="8" head="3"/>
    <cas:Sofa xmi:id="2" sofaNum="1" sofaID="_InitialView"/>
    <cas:NonEmptyFSList xmi:id="8" tail="9" head="4"/>
    <cas:NonEmptyFSList xmi:id="9" tail="10" head="5"/>
    <cas:EmptyFSList xmi:id="10"/>
    <test:RefTypes xmi:id="5" sofa="2" begin="0" end="0"/>
    <test:RefTypes xmi:id="4" sofa="2" begin="0" end="0"/>
    <test:RefTypes xmi:id="3" sofa="2" begin="0" end="0"/>
    <cas:View sofa="2" members="1 7"/>
</xmi:XMI>
