<?xml version="1.0" encoding="UTF-8"?><xmi:XMI xmlns:tcas="http:///uima/tcas.ecore" xmlns:xmi="http://www.omg.org/XMI" xmlns:cas="http:///uima/cas.ecore" xmlns:test="http:///org/apache/uima/test.ecore" xmi:version="2.0">
    <cas:NULL xmi:id="0"/>
    <test:RefTypes xmi:id="1" sofa="2" begin="0" end="0" aListFs="3 4 5"/>
    <cas:Sofa xmi:id="2" sofaNum="1" sofaID="_InitialView"/>
    <test:RefTypes xmi:id="3" sofa="2" begin="0" end="0"/>
    <test:RefTypes xmi:id="4" sofa="2" begin="0" end="0"/>
    <test:RefTypes xmi:id="5" sofa="2" begin="0" end="0"/>
    <cas:View sofa="2" members="1"/>
</xmi:XMI>
