{"typeSystemDescription" : {"name" : "casTestCaseTypesystem",  "description" : "Type system description for CAS test cases.",  "version" : "1.0",  "vendor" : "Apache Software Foundation",  "types" : [
      {"typeDescription" : {"name" : "Token",  "description" : "",  "supertypeName" : "uima.tcas.Annotation",  "features" : [
            {"featureDescription" : {"name" : "type",  "description" : "",  "rangeTypeName" : "TokenType" } }, 
            {"featureDescription" : {"name" : "tokenFloatFeat",  "description" : "",  "rangeTypeName" : "uima.cas.Float" } }, 
            {"featureDescription" : {"name" : "lemma",  "description" : "",  "rangeTypeName" : "uima.cas.String" } }, 
            {"featureDescription" : {"name" : "sentenceLength",  "description" : "",  "rangeTypeName" : "uima.cas.Integer" } }, 
            {"featureDescription" : {"name" : "lemmaList",  "description" : "",  "rangeTypeName" : "uima.cas.StringArray",  "multipleReferencesAllowed" : true } } ] } }, 
      {"typeDescription" : {"name" : "TokenType",  "description" : "",  "supertypeName" : "uima.cas.TOP" } }, 
      {"typeDescription" : {"name" : "Sentence",  "description" : "",  "supertypeName" : "uima.tcas.Annotation",  "features" : [
            {"featureDescription" : {"name" : "sentenceLength",  "description" : "",  "rangeTypeName" : "uima.cas.Integer" } } ] } }, 
      {"typeDescription" : {"name" : "SubTypeOfSentence",  "description" : "",  "supertypeName" : "Sentence",  "features" : [
            {"featureDescription" : {"name" : "interest",  "description" : "",  "rangeTypeName" : "uima.cas.Integer" } } ] } }, 
      {"typeDescription" : {"name" : "Separator",  "description" : "",  "supertypeName" : "TokenType" } }, 
      {"typeDescription" : {"name" : "EndOfSentence",  "description" : "",  "supertypeName" : "TokenType" } }, 
      {"typeDescription" : {"name" : "Word",  "description" : "",  "supertypeName" : "TokenType" } }, 
      {"typeDescription" : {"name" : "org.apache.lang.Group1",  "description" : "",  "supertypeName" : "uima.cas.String",  "allowedValues" : [{"value" : {"string" : "\"Chinese\"",  "description" : "" } },  {"value" : {"string" : "\"Japanese\"",  "description" : "" } },  {"value" : {"string" : "\"Korean\"",  "description" : "" } },  {"value" : {"string" : "\"English\"",  "description" : "" } },  {"value" : {"string" : "\"French\"",  "description" : "" } },  {"value" : {"string" : "\"German\"",  "description" : "" } },  {"value" : {"string" : "\"Italian\"",  "description" : "" } },  {"value" : {"string" : "\"Spanish\"",  "description" : "" } },  {"value" : {"string" : "\"Portuguese\"",  "description" : "" } } ] } }, 
      {"typeDescription" : {"name" : "org.apache.lang.Group2",  "description" : "",  "supertypeName" : "uima.cas.String",  "allowedValues" : [{"value" : {"string" : "\"Arabic\"",  "description" : "" } },  {"value" : {"string" : "\"Czech\"",  "description" : "" } },  {"value" : {"string" : "\"Danish\"",  "description" : "" } },  {"value" : {"string" : "\"Dutch\"",  "description" : "" } },  {"value" : {"string" : "\"Finnish\"",  "description" : "" } },  {"value" : {"string" : "\"Greek\"",  "description" : "" } },  {"value" : {"string" : "\"Hebrew\"",  "description" : "" } },  {"value" : {"string" : "\"Hungarian\"",  "description" : "" } },  {"value" : {"string" : "\"Norwegian\"",  "description" : "" } },  {"value" : {"string" : "\"Polish\"",  "description" : "" } },  {"value" : {"string" : "\"Portuguese\"",  "description" : "" } },  {"value" : {"string" : "\"Russian\"",  "description" : "" } },  {"value" : {"string" : "\"Turkish\"",  "description" : "" } } ] } }, 
      {"typeDescription" : {"name" : "org.apache.lang.LanguagePair",  "description" : "",  "supertypeName" : "uima.cas.TOP",  "features" : [
            {"featureDescription" : {"name" : "lang1",  "description" : "",  "rangeTypeName" : "org.apache.lang.Group1" } }, 
            {"featureDescription" : {"name" : "lang2",  "description" : "",  "rangeTypeName" : "org.apache.lang.Group2" } } ] } }, 
      {"typeDescription" : {"name" : "OtherAnnotation",  "supertypeName" : "uima.cas.AnnotationBase" } }, 
      {"typeDescription" : {"name" : "org.apache.uima.cas.test.types.Word",  "description" : "",  "supertypeName" : "uima.cas.TOP",  "features" : [
            {"featureDescription" : {"name" : "word",  "description" : "",  "rangeTypeName" : "uima.cas.String" } } ] } } ] } }