<?xml version="1.0" encoding="UTF-8"?><xmi:XMI xmlns:test3="http:///org/apache/uimax/test.ecore" xmlns:tcas="http:///uima/tcas.ecore" xmlns:cas="http:///uima/cas.ecore" xmlns:test="http:///org/apache/uima/test.ecore" xmlns:test2="http:///org/apache/uima/test2.ecore" xmlns:xmi="http://www.omg.org/XMI" xmi:version="2.0"><cas:NULL xmi:id="0"/></xmi:XMI>