<?xml version="1.0" encoding="UTF-8"?><xmi:XMI xmlns:cas="http:///uima/cas.ecore" xmlns:test="http:///org/apache/uima/test.ecore" xmlns:xmi="http://www.omg.org/XMI" xmlns:tcas="http:///uima/tcas.ecore" xmi:version="2.0">
    <cas:NULL xmi:id="0"/>
    <cas:NonEmptyIntegerList xmi:id="8" head="11" tail="5"/>
    <cas:EmptyIntegerList xmi:id="1"/>
    <cas:NonEmptyIntegerList xmi:id="2" head="33" tail="1"/>
    <cas:NonEmptyIntegerList xmi:id="5" head="22" tail="2"/>
    <cas:View members="8"/>
</xmi:XMI>