<?xml version="1.0" encoding="UTF-8"?><xmi:XMI xmlns:tcas="http:///uima/tcas.ecore" xmlns:xmi="http://www.omg.org/XMI" xmlns:cas="http:///uima/cas.ecore" xmlns:test="http:///org/apache/uima/test.ecore" xmi:version="2.0">
    <cas:NULL xmi:id="0"/>
    <cas:NonEmptyIntegerList xmi:id="4" tail="3" head="11"/>
    <cas:NonEmptyIntegerList xmi:id="3" tail="2" head="22"/>
    <cas:NonEmptyIntegerList xmi:id="2" tail="1" head="33"/>
    <cas:EmptyIntegerList xmi:id="1"/>
    <cas:View members="4"/>
</xmi:XMI>
