<?xml version="1.0" encoding="UTF-8"?><xmi:XMI xmlns:tcas="http:///uima/tcas.ecore" xmlns:xmi="http://www.omg.org/XMI" xmlns:cas="http:///uima/cas.ecore" xmlns:test="http:///org/apache/uima/test.ecore" xmlns:test2="http:///org/apache/uima/test2.ecore" xmlns:test3="http:///org/apache/uimax/test.ecore" xmi:version="2.0"><cas:NULL xmi:id="0"/><test:Token xmi:id="2" sofa="1" begin="0" end="0"/><cas:Sofa xmi:id="1" sofaNum="1" sofaID="_InitialView"/><cas:View sofa="1" members="2"/></xmi:XMI>