<?xml version="1.0" encoding="UTF-8"?><xmi:XMI xmlns:test3="http:///org/apache/uimax/test.ecore" xmlns:tcas="http:///uima/tcas.ecore" xmlns:cas="http:///uima/cas.ecore" xmlns:test="http:///org/apache/uima/test.ecore" xmlns:test2="http:///org/apache/uima/test2.ecore" xmlns:xmi="http://www.omg.org/XMI" xmi:version="2.0"><cas:NULL xmi:id="0"/><test:Token xmi:id="1" sofa="5" begin="0" end="0"/><test3:Token xmi:id="12" sofa="5" begin="0" end="0"/><test2:Token xmi:id="16" sofa="5" begin="0" end="0"/><test2:Token xmi:id="20" sofa="5" begin="0" end="0"/><cas:Sofa xmi:id="5" sofaNum="1" sofaID="_InitialView"/><cas:View sofa="5" members="1 12 16 20"/></xmi:XMI>