<?xml version="1.0" encoding="UTF-8"?><xmi:XMI xmlns:test3="http:///org/apache/uimax/test.ecore" xmlns:cas="http:///uima/cas.ecore" xmlns:test="http:///org/apache/uima/test.ecore" xmlns:xmi="http://www.omg.org/XMI" xmlns:test2="http:///org/apache/uima/test2.ecore" xmlns:tcas="http:///uima/tcas.ecore" xmi:version="2.0"><cas:NULL xmi:id="0"/><cas:TOP xmi:id="1"/><test:Token xmi:id="2" sofa="6" begin="0" end="0"/><tcas:Annotation xmi:id="20" sofa="13" begin="0" end="0"/><cas:Sofa xmi:id="6" sofaNum="1" sofaID="_InitialView"/><cas:Sofa xmi:id="13" sofaNum="2" sofaID="basicView"/><cas:View sofa="6" members="1 2"/><cas:View sofa="13" members="20"/></xmi:XMI>