{
  "_views" : {
    "_InitialView" : {
      "FSArray" : [36 ], 
      "RefTypes" : [
        {"sofa" : 8,  "aArrayFS" : 36 } ] } }, 
  "_referenced_fss" : {
    "8" : {"_type" : "Sofa",  "sofaNum" : 1,  "sofaID" : "_InitialView" }, 
    "36" : {"_type" : "FSArray",  "_collection" : [
        {"_type" : "RefTypes",  "sofa" : 8 }, 
        {"_type" : "RefTypes",  "sofa" : 8 }, 
        {"_type" : "RefTypes",  "sofa" : 8 } ] } } }