{"@context":{"@types":{"Sofa":{"@id":"uima.cas.Sofa","@feature_types":{"sofaArray":"@ref"}},"TOP":{"@id":"uima.cas.TOP","@subtypes":["Sofa","AnnotationBase"]},"Token":{"@id":"org.apache.uima.test.Token","@feature_types":{"sofa":"@ref"}},"Annotation":{"@id":"uima.tcas.Annotation","@feature_types":{"sofa":"@ref"},"@subtypes":["Token"]},"AnnotationBase":{"@id":"uima.cas.AnnotationBase","@feature_types":{"sofa":"@ref"},"@subtypes":["Annotation"]}}},"@views":{"_InitialView":{"TOP":[{}],"Token":[{"sofa":6}]}},"@referenced_fss":{"6":{"@type":"Sofa","sofaNum":1,"sofaID":"_InitialView"}}}