{"_views":{"_InitialView":{"TOP":[{}],"Token":[{"sofa":6}]}},"_referenced_fss":{"6":{"_type":"Sofa","sofaNum":1,"sofaID":"_InitialView"}}}