{"@context":{"@type_system":"A URI to TypeSystem","@types":{"TOP":{"@id":"uima.cas.TOP"}}},"@views":{"_InitialView":{"TOP":[{}]}}}