{"_context":{"_types":{"Annotation":{"_id":"uima.tcas.Annotation","_feature_types":{"sofa":"_ref"}},"Sofa":{"_id":"uima.cas.Sofa","_feature_types":{"sofaArray":"_ref"}},"AnnotationBase":{"_id":"uima.cas.AnnotationBase","_feature_types":{"sofa":"_ref"}},"TOP":{"_id":"uima.cas.TOP"}}},"_views":{"_InitialView":{"Annotation":[{"sofa":5}]}},"_referenced_fss":{"5":{"_type":"Sofa","sofaNum":1,"sofaID":"_InitialView"}}}