{"_context":{"_types":{"Annotation":{"_id":"uima.tcas.Annotation","_feature_types":{"sofa":"_ref"}},"Sofa":{"_id":"uima.cas.Sofa","_feature_types":{"sofaArray":"_ref"}},"TOP":{"_id":"uima.cas.TOP"},"Token":{"_id":"org.apache.uima.test.Token","_feature_types":{"sofa":"_ref"}},"AnnotationBase":{"_id":"uima.cas.AnnotationBase","_feature_types":{"sofa":"_ref"}},"TOP":{"_id":"uima.cas.TOP"},"Annotation":{"_id":"uima.tcas.Annotation","_feature_types":{"sofa":"_ref"}}}},"_views":{"_InitialView":{"TOP":[{}],"Token":[{"sofa":6}]},"basicView":{"Annotation":[{"sofa":13}]}},"_referenced_fss":{"6":{"_type":"Sofa","sofaNum":1,"sofaID":"_InitialView"},"13":{"_type":"Sofa","sofaNum":2,"sofaID":"basicView"}}}